Nova linha no arquivo!
Nova linha no arquivo!
Nova linha no arquivo!
Nova linha no arquivo!
